sweep start 2026-09-08T16:31:08  root=C:\fox\tastrade  targets=43  tool=C:\fox\Thor\Thor\Tools\Components\FoxBin2PRG\foxbin2prg.exe
FoxBin2PRG version: v1.21.04
OK   rc=0    twin=True  bytes=168705  ms=179    data\tastrade.dbc
OK   rc=0    twin=True  bytes=24486   ms=31     forms\behindsc.scx
OK   rc=0    twin=True  bytes=2787    ms=10     forms\casestdy.scx
OK   rc=0    twin=True  bytes=8269    ms=16     forms\category.scx
OK   rc=0    twin=True  bytes=8510    ms=17     forms\chngpswd.scx
OK   rc=0    twin=True  bytes=6928    ms=13     forms\custadd.scx
OK   rc=0    twin=True  bytes=20103   ms=23     forms\customer.scx
OK   rc=0    twin=True  bytes=30408   ms=40     forms\employee.scx
OK   rc=0    twin=True  bytes=3819    ms=11     forms\getinv.scx
OK   rc=0    twin=True  bytes=4700    ms=12     forms\gettitle.scx
OK   rc=0    twin=True  bytes=26996   ms=31     forms\ordentry.scx
OK   rc=0    twin=True  bytes=25847   ms=33     forms\ordhist.scx
OK   rc=0    twin=True  bytes=24990   ms=31     forms\product.scx
OK   rc=0    twin=True  bytes=4316    ms=127    forms\rebuild.scx
OK   rc=0    twin=True  bytes=8860    ms=15     forms\reports.scx
OK   rc=0    twin=True  bytes=4941    ms=12     forms\shipper.scx
OK   rc=0    twin=True  bytes=20072   ms=27     forms\supplier.scx
OK   rc=0    twin=True  bytes=2056    ms=9      forms\viewcode.scx
OK   rc=0    twin=True  bytes=10594   ms=18     libs\about.vcx
OK   rc=0    twin=True  bytes=11259   ms=19     libs\login.vcx
OK   rc=0    twin=True  bytes=4996    ms=11     libs\main.vcx
OK   rc=0    twin=True  bytes=22291   ms=31     libs\orders.vcx
OK   rc=0    twin=True  bytes=53956   ms=58     libs\tsbase.vcx
OK   rc=0    twin=True  bytes=47154   ms=54     libs\tsgen.vcx
OK   rc=0    twin=True  bytes=2759    ms=9      menus\intro.mnx
OK   rc=0    twin=True  bytes=11281   ms=10     menus\main.mnx
OK   rc=0    twin=True  bytes=2543    ms=7      menus\navigate.mnx
OK   rc=0    twin=True  bytes=1741    ms=6      menus\ordentry.mnx
OK   rc=0    twin=True  bytes=1357    ms=6      menus\window.mnx
OK   rc=0    twin=True  bytes=29556   ms=12     reports\behindsc.frx
OK   rc=0    twin=True  bytes=30387   ms=11     reports\casestdy.frx
OK   rc=0    twin=True  bytes=34142   ms=127    reports\listcat.frx
OK   rc=0    twin=True  bytes=35275   ms=13     reports\listcust.frx
OK   rc=0    twin=True  bytes=38364   ms=14     reports\listempl.frx
OK   rc=0    twin=True  bytes=36490   ms=13     reports\listprod.frx
OK   rc=0    twin=True  bytes=30729   ms=12     reports\listship.frx
OK   rc=0    twin=True  bytes=35280   ms=13     reports\listsupp.frx
OK   rc=0    twin=True  bytes=77761   ms=25     reports\orders.frx
OK   rc=0    twin=True  bytes=59787   ms=19     reports\salesdet.frx
OK   rc=0    twin=True  bytes=38666   ms=14     reports\salessum.frx
OK   rc=0    twin=True  bytes=41320   ms=14     reports\topcust.frx
OK   rc=0    twin=True  bytes=28044   ms=11     reports\viewcode.frx
FAIL rc=1705 twin=False bytes=0       ms=8      tastrade.pjx
FoxBin2PRG error log copied to tools\FoxBin2Prg_Error.LOG
sweep done 2026-09-08T16:31:09  ok=42 fail=1  tool_reported_error=True
retry after closing project: rc=0 twin=True tastrade.pjx  2026-09-08T16:34:46
